THE NUMBER OF LOAD STEPS IS------------  10




  SOLUTION OUTPUT RESULTS

****************


  FINITE ELEMENT OUTPUT FOR LOAD STEP  1

foo
bar
baz

****************


  FINITE ELEMENT OUTPUT FOR LOAD STEP  2

foo
bar
baz

****************


  FINITE ELEMENT OUTPUT FOR LOAD STEP  3

foo
bar
baz

****************


  FINITE ELEMENT OUTPUT FOR LOAD STEP  4

foo
bar
baz

****************


  FINITE ELEMENT OUTPUT FOR LOAD STEP  5

foo
bar
baz

****************


  FINITE ELEMENT OUTPUT FOR LOAD STEP  6

foo
bar
baz

****************


  FINITE ELEMENT OUTPUT FOR LOAD STEP  7

foo
bar
baz

****************


  FINITE ELEMENT OUTPUT FOR LOAD STEP  8

foo
bar
baz

****************


  FINITE ELEMENT OUTPUT FOR LOAD STEP  9

foo
bar
baz

****************


  FINITE ELEMENT OUTPUT FOR LOAD STEP 10

foo
bar
baz